// Jest Snapshot v1, https://goo.gl/fbAQLP

exports[`BRAA Class drawsCorrectly 1`] = `
<canvas
  data-snapshot-image="data:image/png;base64,iVBORw0KGgoAAAANSUhEUgAAADIAAAAUCAYAAADPym6aAAAABmJLR0QA/wD/AP+gvaeTAAABQklEQVRIie3UvytFcRjH8VeS34UJGdxJGZWBiQxiUJRV3VWRP4B/RCkrpQwGs8Gg/BgkXEr4AyQRE8P3q3vcuOfqWuS863SenvP5PM/5fs/zPWT8XYZwhiccYjTm+7Af81toS9FDDtcYxDGecYSBCrxVs4UFtGAZ2zG/hxk0YAIrKXrIYw0XmIzeOZxU4K2aO8Xd7sZljJ9iQ2iOunJ6cRH5kvpNuK/AWzUvqI1xPR5jfIBxYVfn8ZqiJ4xVrqT+mOLXLOetmsdYlPDSDzHuF0biAUuJpt/pc8JCknRiB60p3l/hCh0x7sLpF5pexTn/Tp8XRkvi2Tp6ftjrEzVpggT7mEVjvBdivoAptGMamyn6YezGeBwbWMRNBb1+hRHcCmfgXPhFfuQvhXFYRV2KPnk+bvBWcpXzZmRkZGRkZPwL3gHchmKGFUrUNwAAAABJRU5ErkJggg=="
  height="20"
  width="50"
/>
`;

exports[`BRAA Class drawsOnlyOnShowMeasurements 1`] = `
<canvas
  data-snapshot-image="data:image/png;base64,iVBORw0KGgoAAAANSUhEUgAAADIAAAAUCAYAAADPym6aAAAABmJLR0QA/wD/AP+gvaeTAAAAG0lEQVRIie3BMQEAAADCoPVPbQ0PoAAAAIBHAw+0AAGPFGGuAAAAAElFTkSuQmCC"
  height="20"
  width="50"
/>
`;
